[sub2unlock.me/index.html]
[backblue.gif]
[fade.gif]
[index.html]
[sub2unlock.me/css/bootstrap-bootstrap.css]
[sub2unlock.me/css/css-style.css]
[sub2unlock.me/css/css-slick.css]
[sub2unlock.me/css/css-slick-theme.css]
[sub2unlock.me/css/css-helpers.css]
[sub2unlock.me/css/css-landing-2.css]
[sub2unlock.me/css/css-ionicons.min.css]
[cdnjs.cloudflare.com/ajax/libs/font-awesome/4.7.0/css/font-awesome.min.css]
[sub2unlock.me/images/logo-front.png]
[sub2unlock.me/images/social-1.jpg]
[sub2unlock.me/assets/images/1900x1200_img_5.jpg]
[cdnjs.cloudflare.com/ajax/libs/jquery/3.2.1/jquery.min.js]
[cdnjs.cloudflare.com/ajax/libs/twitter-bootstrap/4.0.0/js/bootstrap.min.js]
[sub2unlock.me/js/js-popper.min.js]
[sub2unlock.me/js/js-main.js]
[sub2unlock.me/js/main-jq.js]
[sub2unlock.me/index.html]
[sub2unlock.me/css/bootstrap-bootstrap.css]
[sub2unlock.me/cdn-cgi/challenge-platform/h/g/scripts/alpha/invisible5615.js]
[sub2unlock.me/fonts/fonts-ionicons.eot]
[sub2unlock.me/fonts/fonts-ionicons.ttf]
[sub2unlock.me/fonts/fonts-ionicons.woff]
[sub2unlock.me/fonts/fonts-ionicons.svg]
[sub2unlock.me/fonts/fonts-fontawesome-webfont.eot]
[sub2unlock.me/fonts/fonts-fontawesome-webfont.woff2]
[sub2unlock.me/fonts/fonts-fontawesome-webfont.woff]
[sub2unlock.me/fonts/fonts-fontawesome-webfont.ttf]
[sub2unlock.me/css/css-style.css]
[sub2unlock.me/css/css-slick.css]
[sub2unlock.me/fonts/fonts-fontawesome-webfont.svg]
[sub2unlock.me/images/.-ajax-loader.gif]
[sub2unlock.me/fonts/slick-slick.eot]
[sub2unlock.me/fonts/slick-slickd41d.eot]
[sub2unlock.me/fonts/slick-slick.woff]
[sub2unlock.me/fonts/slick-slick.ttf]
[sub2unlock.me/css/css-slick-theme.css]
[sub2unlock.me/fonts/slick/slick.html]
[sub2unlock.me/css/css-helpers.css]
[sub2unlock.me/css/css-landing-2.css]
[sub2unlock.me/css/css-ionicons.min.css]
[cdnjs.cloudflare.com/ajax/libs/font-awesome/4.7.0/css/font-awesome.min.css]
[sub2unlock.me/assets/images/1900x1200_img_5.html]
[sub2unlock.me/fonts/fonts-ionicons.svg]
[sub2unlock.me/fonts/fonts-fontawesome-webfont.svg]
[sub2unlock.me/fonts/slick/slick.html]
